users-users
tests-tests
questions-questions
options-answers