persons-deputies
assembly-assemblies
agenda-items
documents-documents
agenda type-item types
vote options-EMPTY