users-users
trips-trips
pictures-pictures
points-ways