users-users
trips-trips
pictures-images
points-coordinates
REBIND_1NN1_TO_MN:S-ratings