vehicle-vehicles
vehicle type-type
line-lines
stop-stops
EXTRACT_ATTR_TO_OWN_ENTITY_SET:S-type-vehicles