vehicle-vehicles
vehicle type-types
line-lines
stop-stops