vehicle-vehicles
vehicle type-EMPTY
line-lines
stop-stops
GENERALIZATION_TO_11_ASSOCIATION:S-busses-vehicle
GENERALIZATION_TO_11_ASSOCIATION:S-trolleybusses-vehicle
GENERALIZATION_TO_11_ASSOCIATION:S-tram-vehicle
CONTRACT_11_ASSOCIATION:S-busses-vehicle
CONTRACT_11_ASSOCIATION:S-trolleybusses-vehicle
CONTRACT_11_ASSOCIATION:S-tram-vehicle