vehicle-vehicles
vehicle type-vehicle types
line-lines
stop-stops