vehicle-vehicle
vehicle type-EMPTY
line-lines
stop-stops