vehicle-vehicle
vehicle type-vehicle types
line-line
stop-stop