auditoriums-cinema halls
screenings-screening
films-films
customers-users
tickets-tickets