auditoriums-halls
screenings-screenings
films-films
customers-users
tickets-tickets