account-customer account
contract-insurance contract
life insurance-life insurance
real estate insurance-real estate insurance
persons-insured data
addresses-address
real estate types-EMPTY
EXTRACT_ATTR_TO_OWN_ENTITY_SET:S-address-real estate data
