account-accounts
contract-contracts
life insurance-life insurance
real estate insurance-real estate insurance
persons-EMPTY
addresses-address
real estate types-type
EXTRACT_ATTR_TO_OWN_ENTITY_SET:S-type-real estates insurance
EXTRACT_ATTR_TO_OWN_ENTITY_SET:S-address-real estates insurance