account-accounts
contract-contracts
life insurance-life insurance
real estate insurance-real estate insurance
persons-person
addresses-address
real estate types-real estate types
EXTRACT_ATTR_TO_OWN_ENTITY_SET:S-address-real estate