airplane model-EMPTY
fight model-fighter planes
rocket type-rocket type
transport model-transport planes
airplane-airplanes
marine-soldiers
marine role-roles
EXTRACT_ATTR_TO_OWN_ENTITY_SET:S-rocket type-fighter planes