teams-hockey_teams
players-players
matches-matches
points-points
rounds-rounds