teams-teams
players-players
matches-matches
points-points
rounds-rounds
