chemicke latky-chemicke latky
chemicke reakcie-chemicke reakcie