buildings-buildings
rooms-rooms
contracts-contracts
payments-EMPTY
students;account-students
CONTRACT_11_ASSOCIATION:E-students-account