buildings-buildings
rooms-rooms
contracts-contracts
payments-payments
account-account
students-students
REBIND_MN_TO_1NN1:S-contracts-account