buildings-buildings
rooms-rooms
contracts-contracts
payments-payments
account-accounts
students-students