buildings-building
rooms-room
contracts-
payments-EMPTY
account-accounts
students-student