buildings-buildings
rooms-rooms
contracts-contracts
payments-payments
students;account-accommodated
CONTRACT_11_ASSOCIATION:E-students-account
REBIND_MN_TO_1NN1:S-contracts-accommodated