projects-projects
experiments-experiments
steps-steps
values-values
attributes-attributes
REBIND_MN_TO_1NN1:S-steps-attributes