games-game
boards-board
tile-coordinates
tile type-tile
weather-weather
fuel type-fuel
units-units
move-movement
REBIND_NARY_ASSOCIATION:E-weather;fuel type;tile type
REBIND_MN_TO_1NN1:S-board-tile