games-EMPTY
boards-board
tile-tile
tile type-type
weather-weather
fuel type-fuel types
units-units
EXTRACT_ATTR_TO_OWN_ENTITY_SET:S-type-tile type