games-game
boards-board
tile-tiles
tile type-
weather-weather
fuel type-fuel
units-units
move-points for movement
REBIND_NARY_ASSOCIATION:E-weather;fuel type;tile type
